20260318	03:42:29	603e1947-2173-43aa-b35d-ae56b05646df	Error: connect ECONNREFUSED ::1:587
20260318	03:51:17	6b55979a-34c1-4631-8cd1-c2c66308b49e	Error: connect ETIMEDOUT 1.179.115.1:587
20260318	03:55:14	bebe4496-e95d-4814-b689-ba502eb719c0	Error: connect ETIMEDOUT 1.179.115.1:587
20260318	04:00:20	659f4f64-1b52-4e7f-8550-f9348c452b76	Error: connect ETIMEDOUT 1.179.115.1:587
20260318	04:06:59	9ae8b514-847b-4354-ba49-82462f67faa1	Error: connect ETIMEDOUT 1.179.115.1:587
20260318	04:19:45	7997a986-e94e-4eed-8d9e-019c4d59bfa2	Error: Mail command failed: 451 4.0.0 Invalid from
20260708	23:22:09	e8ceddd6-0f99-4987-9e31-0294ea12711a	Error: Invalid login: 525 5.7.1 Unauthorized IP address
20260718	15:05:26	2d52ae54-d3f6-43e1-bd06-3fdb5f45a0ac	Error: Invalid login: 525 5.7.1 Unauthorized IP address
20260718	21:22:59	81fdda70-f310-4d5d-8aff-11ae26bd7956	Error: Invalid login: 525 5.7.1 Unauthorized IP address
20260718	22:00:20	9ce676b8-0622-42aa-a430-e4653f3643b0	Error: Invalid login: 525 5.7.1 Unauthorized IP address
20260718	22:09:15	b08e8aaa-0bc0-444e-bee5-1d4d582d6ed1	Error: Invalid login: 525 5.7.1 Unauthorized IP address
20260727	15:10:31	418a57ad-7e19-4525-b5d2-e278b1df2fea	Error: Invalid login: 525 5.7.1 Unauthorized IP address
20260727	15:10:57	c94c5422-7f96-415a-860f-3e3e16c03b70	Error: Invalid login: 525 5.7.1 Unauthorized IP address
20260727	15:11:27	a8239745-e2f0-4b1a-872b-74ede5c35638	Error: Invalid login: 525 5.7.1 Unauthorized IP address
20260727	15:11:47	a44f0828-3abc-433c-8700-b0260a17d317	Error: Invalid login: 525 5.7.1 Unauthorized IP address
20260804	12:21:31	f82d4937-082f-4a41-a582-356d81e58a7f	Error: Invalid login: 525 5.7.1 Unauthorized IP address
20260804	21:45:40	41a585fb-3c77-49ad-b4aa-3c06a0f1f691	Error: Invalid login: 525 5.7.1 Unauthorized IP address
20260805	12:50:56	f231548b-ceb6-4c8f-8482-7d7bf3581367	Error: Invalid login: 525 5.7.1 Unauthorized IP address
20260805	12:50:56	a8d443d0-2b8a-4e3e-9d92-4ec519830a94	Error: Invalid login: 525 5.7.1 Unauthorized IP address
20260805	12:50:56	002281c6-ebbb-4184-8721-b70c372d94e7	Error: Invalid login: 525 5.7.1 Unauthorized IP address
20260805	13:57:45	5750d741-b22e-4346-8125-d58407d73f0c	Error: Invalid login: 525 5.7.1 Unauthorized IP address
20260829	02:29:00	162acad7-9f48-4d00-85e5-e7c8126e4b83	Error: Invalid login: 525 5.7.1 Unauthorized IP address
20260829	02:29:00	998487af-9dde-4bf8-9f38-591a5a87528b	Error: Invalid login: 525 5.7.1 Unauthorized IP address
20260829	02:29:00	72a3c7bd-462f-4dc5-8f58-f1268132c524	Error: Invalid login: 525 5.7.1 Unauthorized IP address
